[data.themeim.com/html/tutorgo/index.html]
[backblue.gif]
[fade.gif]
[index.html]
[data.themeim.com/html/tutorgo/assets/img/logo/favicon.png]
[data.themeim.com/html/tutorgo/assets/css/bootstrap.css]
[data.themeim.com/html/tutorgo/assets/css/meanmenu.css]
[data.themeim.com/html/tutorgo/assets/css/animate.css]
[data.themeim.com/html/tutorgo/assets/css/slick.css]
[data.themeim.com/html/tutorgo/assets/css/magnific-popup.css]
[data.themeim.com/html/tutorgo/assets/css/nice-select.css]
[data.themeim.com/html/tutorgo/assets/css/font-awesome-pro.css]
[data.themeim.com/html/tutorgo/assets/css/elegent-icons.css]
[data.themeim.com/html/tutorgo/assets/css/spacing.css]
[data.themeim.com/html/tutorgo/assets/css/main.css]
[data.themeim.com/html/tutorgo/index.html]
[data.themeim.com/html/tutorgo/assets/img/logo/white-logo.png]
[data.themeim.com/html/tutorgo/index-3.html]
[data.themeim.com/html/tutorgo/index-4.html]
[data.themeim.com/html/tutorgo/about-us.html]
[data.themeim.com/html/tutorgo/course.html]
[data.themeim.com/html/tutorgo/course-list.html]
[data.themeim.com/html/tutorgo/course-details.html]
[data.themeim.com/html/tutorgo/cart.html]
[data.themeim.com/html/tutorgo/checkout.html]
[data.themeim.com/html/tutorgo/event.html]
[data.themeim.com/html/tutorgo/event-details.html]
[data.themeim.com/html/tutorgo/instructor.html]
[data.themeim.com/html/tutorgo/instructor-2.html]
[data.themeim.com/html/tutorgo/instructor-details.html]
[data.themeim.com/html/tutorgo/wishlist.html]
[data.themeim.com/html/tutorgo/sign-in.html]
[data.themeim.com/html/tutorgo/sign-up.html]
[data.themeim.com/html/tutorgo/faq.html]
[data.themeim.com/html/tutorgo/404.html]
[data.themeim.com/html/tutorgo/blog.html]
[data.themeim.com/html/tutorgo/blog-details.html]
[data.themeim.com/html/tutorgo/contact.html]
[data.themeim.com/html/tutorgo/assets/img/logo/logo.png]
[data.themeim.com/html/tutorgo/assets/img/hero/hero-img-1.png]
[data.themeim.com/html/tutorgo/assets/img/icons/book-shape.png]
[data.themeim.com/html/tutorgo/assets/img/icons/circle-shape.png]
[data.themeim.com/html/tutorgo/assets/img/icons/dots-shapes.png]
[data.themeim.com/html/tutorgo/assets/img/icons/line-shape.png]
[data.themeim.com/html/tutorgo/assets/img/icons/lines-shape.png]
[data.themeim.com/html/tutorgo/assets/img/icons/role-shape.png]
[data.themeim.com/html/tutorgo/assets/img/brand/brand-1.png]
[data.themeim.com/html/tutorgo/assets/img/brand/brand-2.png]
[data.themeim.com/html/tutorgo/assets/img/brand/brand-3.png]
[data.themeim.com/html/tutorgo/assets/img/brand/brand-4.png]
[data.themeim.com/html/tutorgo/assets/img/brand/brand-5.png]
[data.themeim.com/html/tutorgo/assets/img/brand/brand-6.png]
[data.themeim.com/html/tutorgo/assets/img/icons/design-icon.png]
[data.themeim.com/html/tutorgo/assets/img/icons/man-cions.png]
[data.themeim.com/html/tutorgo/assets/img/icons/code-cions.png]
[data.themeim.com/html/tutorgo/assets/img/icons/bag-icon.png]
[data.themeim.com/html/tutorgo/assets/img/icons/music-icons.png]
[data.themeim.com/html/tutorgo/assets/img/icons/doller-icon.png]
[data.themeim.com/html/tutorgo/assets/img/icons/cal-icon.png]
[data.themeim.com/html/tutorgo/assets/img/icons/pen-icon.png]
[data.themeim.com/html/tutorgo/assets/img/about/about-1.jpg]
[data.themeim.com/html/tutorgo/assets/img/about/about-2.jpg]
[data.themeim.com/html/tutorgo/assets/img/icons/about-shapes.png]
[data.themeim.com/html/tutorgo/assets/img/icons/ring-shape.png]
[data.themeim.com/html/tutorgo/assets/img/courses/courses-2.jpg]
[data.themeim.com/html/tutorgo/assets/img/courses/avata/course-avata-2.jpg]
[data.themeim.com/html/tutorgo/assets/img/courses/courses-1.jpg]
[data.themeim.com/html/tutorgo/assets/img/courses/avata/course-avata-1.jpg]
[data.themeim.com/html/tutorgo/assets/img/courses/courses-4.jpg]
[data.themeim.com/html/tutorgo/assets/img/courses/avata/course-avata-4.jpg]
[data.themeim.com/html/tutorgo/assets/img/courses/courses-3.jpg]
[data.themeim.com/html/tutorgo/assets/img/courses/avata/course-avata-3.jpg]
[data.themeim.com/html/tutorgo/assets/img/courses/courses-5.jpg]
[data.themeim.com/html/tutorgo/assets/img/courses/avata/course-avata-5.jpg]
[data.themeim.com/html/tutorgo/assets/img/courses/courses-6.jpg]
[data.themeim.com/html/tutorgo/assets/img/courses/avata/course-avata-6.jpg]
[data.themeim.com/html/tutorgo/assets/img/icons/event-line-1.png]
[data.themeim.com/html/tutorgo/assets/img/icons/event-circle.png]
[data.themeim.com/html/tutorgo/assets/img/event/event-thumb-1.jpg]
[data.themeim.com/html/tutorgo/assets/img/event/event-thumb-2.jpg]
[data.themeim.com/html/tutorgo/assets/img/event/event-thumb-3.jpg]
[data.themeim.com/html/tutorgo/assets/img/event/event-thumb-4.jpg]
[data.themeim.com/html/tutorgo/assets/img/testimonial/testimonial-thumb.jpg]
[data.themeim.com/html/tutorgo/assets/img/testimonial/testimonial-thumb-2.jpg]
[data.themeim.com/html/tutorgo/assets/img/testimonial/testimonial-thumb-3.jpg]
[data.themeim.com/html/tutorgo/assets/img/testimonial/testimonial-thumb-4.jpg]
[data.themeim.com/html/tutorgo/assets/img/team/team-1.1.jpg]
[data.themeim.com/html/tutorgo/assets/img/team/team-1.2.jpg]
[data.themeim.com/html/tutorgo/assets/img/team/team-1.3.jpg]
[data.themeim.com/html/tutorgo/assets/img/team/team-1.4.jpg]
[data.themeim.com/html/tutorgo/assets/img/bg/newsletter-bg-1.jpg]
[data.themeim.com/cdn-cgi/scripts/5c5dd728/cloudflare-static/email-decode.min.js]
[data.themeim.com/html/tutorgo/assets/js/vendor/jquery.js]
[data.themeim.com/html/tutorgo/assets/js/vendor/waypoints.js]
[data.themeim.com/html/tutorgo/assets/js/bootstrap-bundle.js]
[data.themeim.com/html/tutorgo/assets/js/meanmenu.js]
[data.themeim.com/html/tutorgo/assets/js/slick.js]
[data.themeim.com/html/tutorgo/assets/js/magnific-popup.js]
[data.themeim.com/html/tutorgo/assets/js/parallax.js]
[data.themeim.com/html/tutorgo/assets/js/nice-select.js]
[data.themeim.com/html/tutorgo/assets/js/counterup.js]
[data.themeim.com/html/tutorgo/assets/js/wow.js]
[data.themeim.com/html/tutorgo/assets/js/isotope-pkgd.js]
[data.themeim.com/html/tutorgo/assets/js/imagesloaded-pkgd.js]
[data.themeim.com/html/tutorgo/assets/js/ajax-form.js]
[data.themeim.com/html/tutorgo/assets/js/countdown.js]
[data.themeim.com/html/tutorgo/index.html]
[data.themeim.com/html/tutorgo/assets/css/bootstrap.css]
[data.themeim.com/html/tutorgo/assets/css/meanmenu.css]
[data.themeim.com/html/tutorgo/assets/css/animate.css]
[data.themeim.com/html/tutorgo/assets/css/slick.css]
[data.themeim.com/html/tutorgo/assets/css/magnific-popup.css]
[data.themeim.com/html/tutorgo/assets/css/nice-select.css]
[data.themeim.com/html/tutorgo/assets/js/main.js]
[data.themeim.com/html/tutorgo/assets/fonts/fa-brands-400.woff2]
[data.themeim.com/html/tutorgo/assets/fonts/fa-brands-400.ttf]
[data.themeim.com/html/tutorgo/assets/fonts/fa-duotone-900.woff2]
[data.themeim.com/html/tutorgo/assets/fonts/fa-duotone-900.ttf]
[data.themeim.com/html/tutorgo/assets/fonts/fa-light-300.woff2]
[data.themeim.com/html/tutorgo/assets/fonts/fa-light-300.ttf]
[data.themeim.com/html/tutorgo/assets/fonts/fa-regular-400.woff2]
[data.themeim.com/html/tutorgo/assets/fonts/fa-regular-400.ttf]
[data.themeim.com/html/tutorgo/assets/fonts/fa-solid-900.woff2]
[data.themeim.com/html/tutorgo/assets/fonts/fa-solid-900.ttf]
[data.themeim.com/html/tutorgo/assets/fonts/fa-thin-100.woff2]
[data.themeim.com/html/tutorgo/assets/fonts/fa-thin-100.ttf]
[data.themeim.com/html/tutorgo/assets/fonts/fa-v4compatibility.woff2]
[data.themeim.com/html/tutorgo/assets/css/font-awesome-pro.css]
[data.themeim.com/html/tutorgo/assets/fonts/fa-v4compatibility.ttf]
[data.themeim.com/html/tutorgo/assets/fonts/ElegantIcons.eot]
[data.themeim.com/html/tutorgo/assets/fonts/ElegantIconsd41d.eot]
[data.themeim.com/html/tutorgo/assets/fonts/ElegantIcons.woff]
[data.themeim.com/html/tutorgo/assets/fonts/ElegantIcons.ttf]
[data.themeim.com/html/tutorgo/assets/css/elegent-icons.css]
[data.themeim.com/html/tutorgo/assets/css/spacing.css]
[data.themeim.com/html/tutorgo/assets/fonts/ElegantIcons.svg]
[data.themeim.com/html/tutorgo/assets/img/icons/cross-out.png]
[data.themeim.com/html/tutorgo/assets/css/main.css]
[data.themeim.com/html/tutorgo/index.html]
[data.themeim.com/html/tutorgo/course-grid.html]
[data.themeim.com/html/tutorgo/assets/img/slider/slider-2.1.jpg]
[data.themeim.com/html/tutorgo/assets/img/slider/slider-2.2.jpg]
[data.themeim.com/html/tutorgo/assets/img/slider/slider-2.3.jpg]
[data.themeim.com/html/tutorgo/assets/img/about/about-2.1.png]
[data.themeim.com/html/tutorgo/assets/img/icons/dots-shapes-2.png]
[data.themeim.com/html/tutorgo/assets/img/icons/theme-circle.png]
[data.themeim.com/html/tutorgo/assets/img/icons/about-tag.png]
[data.themeim.com/html/tutorgo/assets/img/icons/role-shape-2.png]
[data.themeim.com/html/tutorgo/assets/img/icons/book-blue.png]
[data.themeim.com/html/tutorgo/assets/img/bg/counter-bg-1.jpg]
[data.themeim.com/html/tutorgo/assets/img/testimonial/event-avata-1.jpg]
[data.themeim.com/html/tutorgo/assets/img/testimonial/event-avata-2.jpg]
[data.themeim.com/html/tutorgo/assets/img/testimonial/event-avata-3.jpg]
[data.themeim.com/html/tutorgo/assets/img/testimonial/event-avata-4.jpg]
[data.themeim.com/html/tutorgo/assets/img/icons/ring-cta-1.png]
[data.themeim.com/html/tutorgo/assets/img/icons/ring-cta-2.png]
[data.themeim.com/html/tutorgo/assets/img/team/team-2.1.jpg]
[data.themeim.com/html/tutorgo/assets/img/team/team-2.2.jpg]
[data.themeim.com/html/tutorgo/assets/img/team/team-2.3.jpg]
[data.themeim.com/html/tutorgo/assets/img/team/team-2.4.jpg]
[data.themeim.com/html/tutorgo/assets/img/bg/cta-shape-2.jpg]
[data.themeim.com/html/tutorgo/assets/img/icons/ring-2.png]
[data.themeim.com/html/tutorgo/assets/img/icons/cta-img-2.png]
[data.themeim.com/html/tutorgo/index-3.html]
[data.themeim.com/html/tutorgo/assets/img/slider/slider-3.1.jpg]
[data.themeim.com/html/tutorgo/assets/img/slider/slider-3.3.jpg]
[data.themeim.com/html/tutorgo/assets/img/slider/slider-3.2.jpg]
[data.themeim.com/html/tutorgo/assets/img/about/about-3.jpg]
[data.themeim.com/html/tutorgo/assets/img/icons/reed-dot-shapes.png]
[data.themeim.com/html/tutorgo/assets/img/bg/count-bg-2.jpg]
[data.themeim.com/html/tutorgo/assets/img/testimonial/tp-testi-2.1.jpg]
[data.themeim.com/html/tutorgo/assets/img/testimonial/tp-testi-2.2.jpg]
[data.themeim.com/html/tutorgo/assets/img/testimonial/tp-testi-2.3.jpg]
[data.themeim.com/html/tutorgo/assets/img/counter/countdown-bg.jpg]
[data.themeim.com/html/tutorgo/assets/img/blog/blog-1.jpg]
[data.themeim.com/html/tutorgo/assets/img/blog/blog-2.jpg]
[data.themeim.com/html/tutorgo/assets/img/blog/blog-3.jpg]
[data.themeim.com/html/tutorgo/assets/img/blog/blog-4.jpg]
[data.themeim.com/html/tutorgo/index-4.html]
[data.themeim.com/html/tutorgo/assets/img/breadcrumb/breadcrumb-bg.jpg]
[data.themeim.com/html/tutorgo/about-us.html]
[data.themeim.com/html/tutorgo/assets/img/breadcrumb/breadcrumb-bg-2.jpg]
[data.themeim.com/html/tutorgo/assets/img/courses/courses-list-1.jpg]
[data.themeim.com/html/tutorgo/assets/img/courses/courses-list-2.jpg]
[data.themeim.com/html/tutorgo/assets/img/courses/courses-list-3.jpg]
[data.themeim.com/html/tutorgo/assets/img/courses/courses-list-4.jpg]
[data.themeim.com/html/tutorgo/assets/img/courses/courses-list-5.jpg]
[data.themeim.com/html/tutorgo/course.html]
[data.themeim.com/html/tutorgo/course-list.html]
[data.themeim.com/html/tutorgo/assets/img/testimonial/avata-lg-2.png]
[data.themeim.com/html/tutorgo/assets/img/courses/course-page.jpg]
[data.themeim.com/html/tutorgo/assets/img/testimonial/avata-lg-3.png]
[data.themeim.com/html/tutorgo/assets/img/testimonial/avata-lg-5.png]
[data.themeim.com/html/tutorgo/assets/img/testimonial/avata-lg-4.png]
[data.themeim.com/html/tutorgo/assets/img/icons/payment-1.png]
[data.themeim.com/html/tutorgo/course-details.html]
[data.themeim.com/html/tutorgo/cart.html]
[data.themeim.com/html/tutorgo/checkout.html]
[data.themeim.com/html/tutorgo/assets/img/breadcrumb/breadcrumb-bg-3.jpg]
[data.themeim.com/html/tutorgo/event.html]
[data.themeim.com/html/tutorgo/assets/img/event/event-detials.jpg]
[data.themeim.com/html/tutorgo/event-details.html]
[data.themeim.com/html/tutorgo/assets/img/team/team-1.5.jpg]
[data.themeim.com/html/tutorgo/assets/img/team/team-1.6.jpg]
[data.themeim.com/html/tutorgo/instructor.html]
[data.themeim.com/html/tutorgo/assets/img/team/team-2.5.jpg]
[data.themeim.com/html/tutorgo/assets/img/team/team-2.6.jpg]
[data.themeim.com/html/tutorgo/instructor-2.html]
[data.themeim.com/html/tutorgo/instructor-details.html]
[data.themeim.com/html/tutorgo/wishlist.html]
[data.themeim.com/html/tutorgo/sign-in.html]
[data.themeim.com/html/tutorgo/sign-up.html]
[data.themeim.com/html/tutorgo/faq.html]
[data.themeim.com/html/tutorgo/assets/img/icons/404.png]
[data.themeim.com/html/tutorgo/404.html]
[data.themeim.com/html/tutorgo/assets/img/blog/blog-big-1.jpg]
[data.themeim.com/html/tutorgo/assets/img/blog/blog-big-2.jpg]
[data.themeim.com/html/tutorgo/assets/img/blog/blog-big-3.jpg]
[data.themeim.com/html/tutorgo/blog.html]
[data.themeim.com/html/tutorgo/blog-details.html]
[data.themeim.com/html/tutorgo/assets/img/shape/yellow-bg.png]
[data.themeim.com/html/tutorgo/assets/img/contact/contact-shape-1.png]
[data.themeim.com/html/tutorgo/assets/img/contact/contact-shape-2.png]
[data.themeim.com/html/tutorgo/assets/img/contact/contact-shape-3.png]
[data.themeim.com/html/tutorgo/contact.html]
[data.themeim.com/html/tutorgo/assets/fonts/fa-duotone-900.html]
[data.themeim.com/html/tutorgo/assets/fonts/fa-duotone-901.html]
[data.themeim.com/html/tutorgo/assets/fonts/ElegantIcons.svg]
[data.themeim.com/html/tutorgo/course-grid.html]
[data.themeim.com/html/tutorgo/assets/img/team/teacer-details-1_tmp19490.html]
[data.themeim.com/html/tutorgo/assets/img/shape/yellow-bg.html]
[data.themeim.com/html/tutorgo/assets/img/contact/contact-shape-1.html]
[data.themeim.com/html/tutorgo/assets/img/contact/contact-shape-2.html]
[data.themeim.com/html/tutorgo/assets/img/contact/contact-shape-3.html]
